#start mysql server
sudo systemctl start mysql

#stop mysql server
sudo systemctl stop mysql

#restart mysql server
sudo systemctl restart mysql

#start mysql, password: spr18
mysql -u root -p

#Show all databases in the mysql prompt
mysql> SHOW DATABASES;

#Create a new database called PHC7065
mysql> CREATE DATABASE PHC7065;

#Create another database called TEST
mysql> CREATE DATABASE TEST;

#DROP the database TEST
mysql> DROP DATABASE TEST;

#SELECT the database PHC7065
mysql> USE PHC7065;

#Show all tables in the database PHC7065
mysql> SHOW TABLES;

#Create a table called TESTTBL
mysql> CREATE TABLE TESTTBL(
    -> id INT NOT NULL AUTO_INCREMENT,
    -> title VARCHAR(100) NOT NULL,
    -> author VARCHAR(40) NOT NULL,
    -> date DATE,
    -> PRIMARY KEY ( id )
    -> );

#Check if the table is created
mysql> SHOW TABLES;

#Check if there is any data inside this table
mysql> SELECT * FROM TESTTBL;

#Insert some data (one row) to the table
mysql> INSERT into TESTTBL
    -> VALUES (1,'title 1','author 1','2017-01-21');

#Insert another row to the table, but now we only insert data for the columns "title", "author", and "date"
mysql> INSERT into TESTTBL(title,author,date)
    -> VALUES ('title 2','author 2','2017-02-21');

#Let's check how the table looks like
mysql> SELECT * FROM TESTTBL;

#What if we only insert data for the columns "title"?
mysql> INSERT into TESTTBL(title)
    -> VALUES ('title 3');

#We got an error, because we specifically defined that author cannot be null. Let's try this instead
mysql> INSERT into TESTTBL(title,author)
    -> VALUES ('title 3','author 3');

#check the table again
mysql> SELECT * FROM TESTTBL;

#how to insert multiple rows?
mysql> INSERT into TESTTBL(title,author)
    -> VALUES 
    -> ('title 4','author 4'),
    -> ('title 5','author 5'),
    -> ('title 6','author 6'),
    -> ('title 7','author 7')
    -> ;

#check the table again
mysql> SELECT * FROM TESTTBL;

#Export a sql database (quit the mysql prompt first)
mysqldump -u root -p PHC7065 > phc7065db.sql

#Export a single table
mysqldump -u root -p PHC7065 TESTTBL > testtbl.sql

#now, let's drop the table TESTTBL
mysql> USE PHC7065;
mysql> DROP TABLE TESTTBL;
mysql> SHOW TABLES;

#let's now import the exported table
mysql -u root -p PHC7065 < testtbl.sql

#drop the database
mysql> DROP DATABASE PHC7065;

#import the database
mysql> CREATE DATABASE PHC7065;
mysql> USE PHC7065;
mysql> source /home/spr18/Desktop/PHC7065SPR2018/WK2/phc7065db.sql

#we will now use a python package to connect to MySQL so that we can do all the coding in the same place

#install the requried package first
sudo apt-get update
sudo apt-get upgrade
sudo apt-get install python-mysqldb 

sudo -H pip2 install sqlalchemy

#start jupyter notebook
jupyter notebook
